---
source: v_utils/src/utils/snapshots.rs
expression: plot
---
                       █████                      
                       █████                      
                       █████                      
                       █████                      
                       █████                      
                 █████████████████                
                 █████████████████                
                 █████████████████                
                 █████████████████                
                 █████████████████                
            ███████████████████████████           
            ███████████████████████████           
            ███████████████████████████           
            ███████████████████████████           
            ███████████████████████████           
      ███████████████████████████████████████     
      ███████████████████████████████████████     
      ███████████████████████████████████████     
      ███████████████████████████████████████     
      ███████████████████████████████████████
