---
source: v_utils/src/distributions/reiman_zeta.rs
expression: plot
---
█                                                                                         
██▄                                                                                       
████▄                                                                                     
█████▇▂                                                                                   
███████▅                                                                                  
████████▇                                                                                 
██████████▄▂                                                                              
████████████▇▄▁                                                                           
███████████████▅▂▁                                                                        
██████████████████▇▄▃▁                                                                    
██████████████████████▇▆▅▄▃▂▁                                                             
██████████████████████████████▇▇▇▆▆▅▅▄▄▄▄▃▃▃▃▃▃▂▂▂▂▂▂▂▁▁▁▁▁▁▁▁▁▁▁▁▁▁▁▁▁▁▁▁▁▁▁▁▁▁▁▁▁▁▁▁▁▁▁▁
